<testsuites name="jest tests" tests="0" failures="0" time="1.184">
</testsuites>